Component: ARM Compiler 6.16 Tool: armlink [5dfeaa00]

==============================================================================

Section Cross References

    clock.o(.ARM.exidx.text.clock_init) refers to clock.o(.text.clock_init) for [Anonymous Symbol]
    delay.o(.text.SysTick_Init) refers to system_stm32f4xx.o(.data.SystemCoreClock) for SystemCoreClock
    delay.o(.text.SysTick_Init) refers to delay.o(.bss.CLK_PERIOD) for CLK_PERIOD
    delay.o(.ARM.exidx.text.SysTick_Init) refers to delay.o(.text.SysTick_Init) for [Anonymous Symbol]
    delay.o(.text.delay_us) refers to delay.o(.bss.CLK_PERIOD) for CLK_PERIOD
    delay.o(.ARM.exidx.text.delay_us) refers to delay.o(.text.delay_us) for [Anonymous Symbol]
    delay.o(.text.delay_ms) refers to delay.o(.text.delay_us) for delay_us
    delay.o(.ARM.exidx.text.delay_ms) refers to delay.o(.text.delay_ms) for [Anonymous Symbol]
    display.o(.text.display_send_raw_command) refers to display.o(.text.send_start) for send_start
    display.o(.text.display_send_raw_command) refers to display.o(.text.send_byte) for send_byte
    display.o(.text.display_send_raw_command) refers to display.o(.text.is_ack) for is_ack
    display.o(.text.display_send_raw_command) refers to display.o(.text.reset_state) for reset_state
    display.o(.text.display_send_raw_command) refers to display.o(.text.send_stop) for send_stop
    display.o(.ARM.exidx.text.display_send_raw_command) refers to display.o(.text.display_send_raw_command) for [Anonymous Symbol]
    display.o(.text.send_start) refers to display.o(.text.data_signal) for data_signal
    display.o(.text.send_start) refers to delay.o(.text.delay_us) for delay_us
    display.o(.ARM.exidx.text.send_start) refers to display.o(.text.send_start) for [Anonymous Symbol]
    display.o(.text.send_byte) refers to display.o(.text.clock_signal) for clock_signal
    display.o(.text.send_byte) refers to delay.o(.text.delay_us) for delay_us
    display.o(.text.send_byte) refers to display.o(.text.data_signal) for data_signal
    display.o(.ARM.exidx.text.send_byte) refers to display.o(.text.send_byte) for [Anonymous Symbol]
    display.o(.text.is_ack) refers to display.o(.text.clock_signal) for clock_signal
    display.o(.text.is_ack) refers to delay.o(.text.delay_us) for delay_us
    display.o(.ARM.exidx.text.is_ack) refers to display.o(.text.is_ack) for [Anonymous Symbol]
    display.o(.text.reset_state) refers to display.o(.text.data_signal) for data_signal
    display.o(.text.reset_state) refers to display.o(.text.clock_signal) for clock_signal
    display.o(.ARM.exidx.text.reset_state) refers to display.o(.text.reset_state) for [Anonymous Symbol]
    display.o(.text.send_stop) refers to display.o(.text.data_signal) for data_signal
    display.o(.text.send_stop) refers to display.o(.text.clock_signal) for clock_signal
    display.o(.text.send_stop) refers to delay.o(.text.delay_us) for delay_us
    display.o(.ARM.exidx.text.send_stop) refers to display.o(.text.send_stop) for [Anonymous Symbol]
    display.o(.text.display_send_raw_command_data) refers to display.o(.text.send_start) for send_start
    display.o(.text.display_send_raw_command_data) refers to display.o(.text.send_byte) for send_byte
    display.o(.text.display_send_raw_command_data) refers to display.o(.text.is_ack) for is_ack
    display.o(.text.display_send_raw_command_data) refers to display.o(.text.reset_state) for reset_state
    display.o(.text.display_send_raw_command_data) refers to display.o(.text.send_stop) for send_stop
    display.o(.ARM.exidx.text.display_send_raw_command_data) refers to display.o(.text.display_send_raw_command_data) for [Anonymous Symbol]
    display.o(.text.display_init) refers to display.o(.text.display_gpio_init) for display_gpio_init
    display.o(.text.display_init) refers to display.o(.text.display_send_raw_command) for display_send_raw_command
    display.o(.text.display_init) refers to delay.o(.text.delay_us) for delay_us
    display.o(.ARM.exidx.text.display_init) refers to display.o(.text.display_init) for [Anonymous Symbol]
    display.o(.ARM.exidx.text.display_gpio_init) refers to display.o(.text.display_gpio_init) for [Anonymous Symbol]
    display.o(.text.display_test) refers to display.o(.text.display_send_raw_command_data) for display_send_raw_command_data
    display.o(.text.display_test) refers to delay.o(.text.delay_us) for delay_us
    display.o(.text.display_test) refers to display.o(.text.display_send_raw_command) for display_send_raw_command
    display.o(.ARM.exidx.text.display_test) refers to display.o(.text.display_test) for [Anonymous Symbol]
    display.o(.text.get_symbol) refers to display.o(.rodata.symbols_table) for symbols_table
    display.o(.ARM.exidx.text.get_symbol) refers to display.o(.text.get_symbol) for [Anonymous Symbol]
    display.o(.text.display_print_value_integer) refers to display.o(.text.get_symbol) for get_symbol
    display.o(.text.display_print_value_integer) refers to display.o(.bss.display_data) for display_data
    display.o(.ARM.exidx.text.display_print_value_integer) refers to display.o(.text.display_print_value_integer) for [Anonymous Symbol]
    display.o(.text.display_print_value_integer_decimal) refers to display.o(.text.get_symbol) for get_symbol
    display.o(.text.display_print_value_integer_decimal) refers to display.o(.bss.display_data) for display_data
    display.o(.ARM.exidx.text.display_print_value_integer_decimal) refers to display.o(.text.display_print_value_integer_decimal) for [Anonymous Symbol]
    display.o(.text.display_print_char) refers to display.o(.text.get_symbol) for get_symbol
    display.o(.text.display_print_char) refers to display.o(.bss.display_data) for display_data
    display.o(.ARM.exidx.text.display_print_char) refers to display.o(.text.display_print_char) for [Anonymous Symbol]
    display.o(.text.display_print_string) refers to display.o(.text.display_print_char) for display_print_char
    display.o(.ARM.exidx.text.display_print_string) refers to display.o(.text.display_print_string) for [Anonymous Symbol]
    display.o(.text.display_print_string_pos) refers to display.o(.text.display_print_char) for display_print_char
    display.o(.ARM.exidx.text.display_print_string_pos) refers to display.o(.text.display_print_string_pos) for [Anonymous Symbol]
    display.o(.text.display_set_brightness) refers to display.o(.text.display_send_raw_command) for display_send_raw_command
    display.o(.ARM.exidx.text.display_set_brightness) refers to display.o(.text.display_set_brightness) for [Anonymous Symbol]
    display.o(.text.display_update) refers to display.o(.bss.display_data) for display_data
    display.o(.text.display_update) refers to display.o(.text.display_send_raw_command_data) for display_send_raw_command_data
    display.o(.ARM.exidx.text.display_update) refers to display.o(.text.display_update) for [Anonymous Symbol]
    display.o(.text.display_clear) refers to display.o(.bss.display_data) for display_data
    display.o(.ARM.exidx.text.display_clear) refers to display.o(.text.display_clear) for [Anonymous Symbol]
    display.o(.ARM.exidx.text.data_signal) refers to display.o(.text.data_signal) for [Anonymous Symbol]
    display.o(.ARM.exidx.text.clock_signal) refers to display.o(.text.clock_signal) for [Anonymous Symbol]
    keyboard.o(.ARM.exidx.text.keyboard_gpio_init) refers to keyboard.o(.text.keyboard_gpio_init) for [Anonymous Symbol]
    keyboard.o(.ARM.exidx.text.keyboard_get_buttons) refers to keyboard.o(.text.keyboard_get_buttons) for [Anonymous Symbol]
    keyboard.o(.ARM.exidx.text.keyboard_handler) refers to keyboard.o(.text.keyboard_handler) for [Anonymous Symbol]
    main.o(.text.main) refers to system_stm32f4xx.o(.text.SystemInit) for SystemInit
    main.o(.text.main) refers to clock.o(.text.clock_init) for clock_init
    main.o(.text.main) refers to system_stm32f4xx.o(.text.SystemCoreClockUpdate) for SystemCoreClockUpdate
    main.o(.text.main) refers to delay.o(.text.SysTick_Init) for SysTick_Init
    main.o(.text.main) refers to keyboard.o(.text.keyboard_gpio_init) for keyboard_gpio_init
    main.o(.text.main) refers to display.o(.text.display_init) for display_init
    main.o(.text.main) refers to delay.o(.text.delay_us) for delay_us
    main.o(.text.main) refers to main.o(.rodata.str1.1) for .L.str
    main.o(.text.main) refers to display.o(.text.display_print_string) for display_print_string
    main.o(.text.main) refers to display.o(.text.display_update) for display_update
    main.o(.text.main) refers to display.o(.text.display_clear) for display_clear
    main.o(.text.main) refers to delay.o(.text.delay_ms) for delay_ms
    main.o(.text.main) refers to main.o(.bss.keyboard_buttons) for keyboard_buttons
    main.o(.text.main) refers to main.o(.bss.old_keyboard_buttons) for old_keyboard_buttons
    main.o(.text.main) refers to keyboard.o(.text.keyboard_get_buttons) for keyboard_get_buttons
    main.o(.text.main) refers to keyboard.o(.text.keyboard_handler) for keyboard_handler
    main.o(.text.main) refers to display.o(.text.display_print_value_integer_decimal) for display_print_value_integer_decimal
    main.o(.text.main) refers to display.o(.text.display_print_char) for display_print_char
    main.o(.ARM.exidx.text.main) refers to main.o(.text.main) for [Anonymous Symbol]
    display_i2c.o(.ARM.exidx.text.i2c1_init) refers to display_i2c.o(.text.i2c1_init) for [Anonymous Symbol]
    display_i2c.o(.ARM.exidx.text.display_send_raw_commandd) refers to display_i2c.o(.text.display_send_raw_commandd) for [Anonymous Symbol]
    display_i2c.o(.ARM.exidx.text.display_send_raw_command_datad) refers to display_i2c.o(.text.display_send_raw_command_datad) for [Anonymous Symbol]
    pwm.o(.text.TIM1_UP_TIM10_IRQHandler) refers to pwm.o(.bss.phase_accumulator) for phase_accumulator
    pwm.o(.text.TIM1_UP_TIM10_IRQHandler) refers to pwm.o(.bss.phase_a) for phase_a
    pwm.o(.text.TIM1_UP_TIM10_IRQHandler) refers to pwm.o(.bss.phase_b) for phase_b
    pwm.o(.text.TIM1_UP_TIM10_IRQHandler) refers to pwm.o(.bss.phase_c) for phase_c
    pwm.o(.text.TIM1_UP_TIM10_IRQHandler) refers to pwm.o(.rodata.sinewave_array) for sinewave_array
    pwm.o(.text.TIM1_UP_TIM10_IRQHandler) refers to dflt_clz.o(x$fpl$dflt) for __aeabi_i2d
    pwm.o(.text.TIM1_UP_TIM10_IRQHandler) refers to pwm.o(.bss.adc_value) for adc_value
    pwm.o(.text.TIM1_UP_TIM10_IRQHandler) refers to ddiv.o(x$fpl$ddiv) for __aeabi_ddiv
    pwm.o(.text.TIM1_UP_TIM10_IRQHandler) refers to dmul.o(x$fpl$dmul) for __aeabi_dmul
    pwm.o(.text.TIM1_UP_TIM10_IRQHandler) refers to dfixu.o(x$fpl$dfixu) for __aeabi_d2uiz
    pwm.o(.ARM.exidx.text.TIM1_UP_TIM10_IRQHandler) refers to pwm.o(.text.TIM1_UP_TIM10_IRQHandler) for [Anonymous Symbol]
    pwm.o(.text.pwm_timer_init) refers to pwm.o(.text.__NVIC_EnableIRQ) for __NVIC_EnableIRQ
    pwm.o(.ARM.exidx.text.pwm_timer_init) refers to pwm.o(.text.pwm_timer_init) for [Anonymous Symbol]
    pwm.o(.ARM.exidx.text.__NVIC_EnableIRQ) refers to pwm.o(.text.__NVIC_EnableIRQ) for [Anonymous Symbol]
    pwm.o(.ARM.exidx.text.pwm_channels_init) refers to pwm.o(.text.pwm_channels_init) for [Anonymous Symbol]
    pwm.o(.ARM.exidx.text.pwm_enable) refers to pwm.o(.text.pwm_enable) for [Anonymous Symbol]
    pwm.o(.ARM.exidx.text.pwm_disable) refers to pwm.o(.text.pwm_disable) for [Anonymous Symbol]
    analog.o(.text.ADC_IRQHandler) refers to pwm.o(.bss.adc_value) for adc_value
    analog.o(.ARM.exidx.text.ADC_IRQHandler) refers to analog.o(.text.ADC_IRQHandler) for [Anonymous Symbol]
    analog.o(.text.adc1_init) refers to analog.o(.text.__NVIC_EnableIRQ) for __NVIC_EnableIRQ
    analog.o(.ARM.exidx.text.adc1_init) refers to analog.o(.text.adc1_init) for [Anonymous Symbol]
    analog.o(.ARM.exidx.text.__NVIC_EnableIRQ) refers to analog.o(.text.__NVIC_EnableIRQ) for [Anonymous Symbol]
    startup_stm32f401xc.o(STACK) refers (Special) to heapauxi.o(.text) for __use_two_region_memory
    startup_stm32f401xc.o(HEAP) refers (Special) to heapauxi.o(.text) for __use_two_region_memory
    startup_stm32f401xc.o(RESET) refers (Special) to heapauxi.o(.text) for __use_two_region_memory
    startup_stm32f401xc.o(RESET) refers to startup_stm32f401xc.o(STACK) for __initial_sp
    startup_stm32f401xc.o(RESET) refers to startup_stm32f401xc.o(.text) for Reset_Handler
    startup_stm32f401xc.o(RESET) refers to analog.o(.text.ADC_IRQHandler) for ADC_IRQHandler
    startup_stm32f401xc.o(RESET) refers to pwm.o(.text.TIM1_UP_TIM10_IRQHandler) for TIM1_UP_TIM10_IRQHandler
    startup_stm32f401xc.o(.text) refers (Special) to heapauxi.o(.text) for __use_two_region_memory
    startup_stm32f401xc.o(.text) refers to system_stm32f4xx.o(.text.SystemInit) for SystemInit
    startup_stm32f401xc.o(.text) refers to __main.o(!!!main) for __main
    startup_stm32f401xc.o(.text) refers to startup_stm32f401xc.o(HEAP) for Heap_Mem
    startup_stm32f401xc.o(.text) refers to startup_stm32f401xc.o(STACK) for Stack_Mem
    system_stm32f4xx.o(.ARM.exidx.text.SystemInit) refers to system_stm32f4xx.o(.text.SystemInit) for [Anonymous Symbol]
    system_stm32f4xx.o(.text.SystemCoreClockUpdate) refers to system_stm32f4xx.o(.data.SystemCoreClock) for SystemCoreClock
    system_stm32f4xx.o(.text.SystemCoreClockUpdate) refers to system_stm32f4xx.o(.rodata.AHBPrescTable) for AHBPrescTable
    system_stm32f4xx.o(.ARM.exidx.text.SystemCoreClockUpdate) refers to system_stm32f4xx.o(.text.SystemCoreClockUpdate) for [Anonymous Symbol]
    __main.o(!!!main) refers to __rtentry.o(.ARM.Collect$$rtentry$$00000000) for __rt_entry
    ddiv.o(x$fpl$drdiv) refers (Special) to usenofp.o(x$fpl$usenofp) for __I$use$fp
    ddiv.o(x$fpl$drdiv) refers to ddiv.o(x$fpl$ddiv) for ddiv_entry
    ddiv.o(x$fpl$ddiv) refers (Special) to usenofp.o(x$fpl$usenofp) for __I$use$fp
    ddiv.o(x$fpl$ddiv) refers to dretinf.o(x$fpl$dretinf) for __fpl_dretinf
    ddiv.o(x$fpl$ddiv) refers to dnaninf.o(x$fpl$dnaninf) for __fpl_dnaninf
    dfixu.o(x$fpl$dfixu) refers (Special) to usenofp.o(x$fpl$usenofp) for __I$use$fp
    dfixu.o(x$fpl$dfixu) refers to dnaninf.o(x$fpl$dnaninf) for __fpl_dnaninf
    dfixu.o(x$fpl$dfixur) refers (Special) to usenofp.o(x$fpl$usenofp) for __I$use$fp
    dfixu.o(x$fpl$dfixur) refers to dnaninf.o(x$fpl$dnaninf) for __fpl_dnaninf
    dflt_clz.o(x$fpl$dfltu) refers (Special) to usenofp.o(x$fpl$usenofp) for __I$use$fp
    dflt_clz.o(x$fpl$dflt) refers (Special) to usenofp.o(x$fpl$usenofp) for __I$use$fp
    dflt_clz.o(x$fpl$dfltn) refers (Special) to usenofp.o(x$fpl$usenofp) for __I$use$fp
    dmul.o(x$fpl$dmul) refers (Special) to usenofp.o(x$fpl$usenofp) for __I$use$fp
    dmul.o(x$fpl$dmul) refers to dretinf.o(x$fpl$dretinf) for __fpl_dretinf
    dmul.o(x$fpl$dmul) refers to dnaninf.o(x$fpl$dnaninf) for __fpl_dnaninf
    __rtentry.o(.ARM.Collect$$rtentry$$00000000) refers (Special) to __rtentry2.o(.ARM.Collect$$rtentry$$0000000A) for __rt_entry_li
    __rtentry.o(.ARM.Collect$$rtentry$$00000000) refers (Special) to __rtentry2.o(.ARM.Collect$$rtentry$$0000000D) for __rt_entry_main
    __rtentry.o(.ARM.Collect$$rtentry$$00000000) refers (Special) to __rtentry2.o(.ARM.Collect$$rtentry$$0000000C) for __rt_entry_postli_1
    __rtentry.o(.ARM.Collect$$rtentry$$00000000) refers (Special) to __rtentry2.o(.ARM.Collect$$rtentry$$00000009) for __rt_entry_postsh_1
    __rtentry.o(.ARM.Collect$$rtentry$$00000000) refers (Special) to __rtentry2.o(.ARM.Collect$$rtentry$$00000002) for __rt_entry_presh_1
    __rtentry.o(.ARM.Collect$$rtentry$$00000000) refers (Special) to __rtentry4.o(.ARM.Collect$$rtentry$$00000004) for __rt_entry_sh
    dnaninf.o(x$fpl$dnaninf) refers (Special) to usenofp.o(x$fpl$usenofp) for __I$use$fp
    dretinf.o(x$fpl$dretinf) refers (Special) to usenofp.o(x$fpl$usenofp) for __I$use$fp
    __rtentry2.o(.ARM.Collect$$rtentry$$00000008) refers to boardinit2.o(.text) for _platform_post_stackheap_init
    __rtentry2.o(.ARM.Collect$$rtentry$$0000000A) refers to libinit.o(.ARM.Collect$$libinit$$00000000) for __rt_lib_init
    __rtentry2.o(.ARM.Collect$$rtentry$$0000000B) refers to boardinit3.o(.text) for _platform_post_lib_init
    __rtentry2.o(.ARM.Collect$$rtentry$$0000000D) refers to main.o(.text.main) for main
    __rtentry2.o(.ARM.Collect$$rtentry$$0000000D) refers to exit.o(.text) for exit
    __rtentry2.o(.ARM.exidx) refers to __rtentry2.o(.ARM.Collect$$rtentry$$00000001) for .ARM.Collect$$rtentry$$00000001
    __rtentry2.o(.ARM.exidx) refers to __rtentry2.o(.ARM.Collect$$rtentry$$00000008) for .ARM.Collect$$rtentry$$00000008
    __rtentry2.o(.ARM.exidx) refers to __rtentry2.o(.ARM.Collect$$rtentry$$0000000A) for .ARM.Collect$$rtentry$$0000000A
    __rtentry2.o(.ARM.exidx) refers to __rtentry2.o(.ARM.Collect$$rtentry$$0000000B) for .ARM.Collect$$rtentry$$0000000B
    __rtentry2.o(.ARM.exidx) refers to __rtentry2.o(.ARM.Collect$$rtentry$$0000000D) for .ARM.Collect$$rtentry$$0000000D
    __rtentry4.o(.ARM.Collect$$rtentry$$00000004) refers to sys_stackheap_outer.o(.text) for __user_setup_stackheap
    __rtentry4.o(.ARM.exidx) refers to __rtentry4.o(.ARM.Collect$$rtentry$$00000004) for .ARM.Collect$$rtentry$$00000004
    sys_stackheap_outer.o(.text) refers to libspace.o(.text) for __user_perproc_libspace
    sys_stackheap_outer.o(.text) refers to startup_stm32f401xc.o(.text) for __user_initial_stackheap
    exit.o(.text) refers to rtexit.o(.ARM.Collect$$rtexit$$00000000) for __rt_exit
    libinit.o(.ARM.Collect$$libinit$$00000000) refers (Special) to libinit2.o(.ARM.Collect$$libinit$$0000002E) for __rt_lib_init_alloca_1
    libinit.o(.ARM.Collect$$libinit$$00000000) refers (Special) to libinit2.o(.ARM.Collect$$libinit$$0000002C) for __rt_lib_init_argv_1
    libinit.o(.ARM.Collect$$libinit$$00000000) refers (Special) to libinit2.o(.ARM.Collect$$libinit$$0000001B) for __rt_lib_init_atexit_1
    libinit.o(.ARM.Collect$$libinit$$00000000) refers (Special) to libinit2.o(.ARM.Collect$$libinit$$00000021) for __rt_lib_init_clock_1
    libinit.o(.ARM.Collect$$libinit$$00000000) refers (Special) to libinit2.o(.ARM.Collect$$libinit$$00000032) for __rt_lib_init_cpp_1
    libinit.o(.ARM.Collect$$libinit$$00000000) refers (Special) to libinit2.o(.ARM.Collect$$libinit$$00000030) for __rt_lib_init_exceptions_1
    libinit.o(.ARM.Collect$$libinit$$00000000) refers (Special) to libinit2.o(.ARM.Collect$$libinit$$00000001) for __rt_lib_init_fp_1
    libinit.o(.ARM.Collect$$libinit$$00000000) refers (Special) to libinit2.o(.ARM.Collect$$libinit$$0000001F) for __rt_lib_init_fp_trap_1
    libinit.o(.ARM.Collect$$libinit$$00000000) refers (Special) to libinit2.o(.ARM.Collect$$libinit$$00000023) for __rt_lib_init_getenv_1
    libinit.o(.ARM.Collect$$libinit$$00000000) refers (Special) to libinit2.o(.ARM.Collect$$libinit$$0000000A) for __rt_lib_init_heap_1
    libinit.o(.ARM.Collect$$libinit$$00000000) refers (Special) to libinit2.o(.ARM.Collect$$libinit$$00000011) for __rt_lib_init_lc_collate_1
    libinit.o(.ARM.Collect$$libinit$$00000000) refers (Special) to libinit2.o(.ARM.Collect$$libinit$$00000013) for __rt_lib_init_lc_ctype_1
    libinit.o(.ARM.Collect$$libinit$$00000000) refers (Special) to libinit2.o(.ARM.Collect$$libinit$$00000015) for __rt_lib_init_lc_monetary_1
    libinit.o(.ARM.Collect$$libinit$$00000000) refers (Special) to libinit2.o(.ARM.Collect$$libinit$$00000017) for __rt_lib_init_lc_numeric_1
    libinit.o(.ARM.Collect$$libinit$$00000000) refers (Special) to libinit2.o(.ARM.Collect$$libinit$$00000019) for __rt_lib_init_lc_time_1
    libinit.o(.ARM.Collect$$libinit$$00000000) refers (Special) to libinit2.o(.ARM.Collect$$libinit$$00000004) for __rt_lib_init_preinit_1
    libinit.o(.ARM.Collect$$libinit$$00000000) refers (Special) to libinit2.o(.ARM.Collect$$libinit$$0000000E) for __rt_lib_init_rand_1
    libinit.o(.ARM.Collect$$libinit$$00000000) refers (Special) to libinit2.o(.ARM.Collect$$libinit$$00000033) for __rt_lib_init_return
    libinit.o(.ARM.Collect$$libinit$$00000000) refers (Special) to libinit2.o(.ARM.Collect$$libinit$$0000001D) for __rt_lib_init_signal_1
    libinit.o(.ARM.Collect$$libinit$$00000000) refers (Special) to libinit2.o(.ARM.Collect$$libinit$$00000025) for __rt_lib_init_stdio_1
    libinit.o(.ARM.Collect$$libinit$$00000000) refers (Special) to libinit2.o(.ARM.Collect$$libinit$$0000000C) for __rt_lib_init_user_alloc_1
    libspace.o(.text) refers to libspace.o(.bss) for __libspace_start
    rtexit.o(.ARM.Collect$$rtexit$$00000000) refers (Special) to rtexit2.o(.ARM.Collect$$rtexit$$00000004) for __rt_exit_exit
    rtexit.o(.ARM.Collect$$rtexit$$00000000) refers (Special) to rtexit2.o(.ARM.Collect$$rtexit$$00000003) for __rt_exit_ls
    rtexit.o(.ARM.Collect$$rtexit$$00000000) refers (Special) to rtexit2.o(.ARM.Collect$$rtexit$$00000002) for __rt_exit_prels_1
    rtexit.o(.ARM.exidx) refers (Special) to rtexit2.o(.ARM.Collect$$rtexit$$00000004) for __rt_exit_exit
    rtexit.o(.ARM.exidx) refers (Special) to rtexit2.o(.ARM.Collect$$rtexit$$00000003) for __rt_exit_ls
    rtexit.o(.ARM.exidx) refers (Special) to rtexit2.o(.ARM.Collect$$rtexit$$00000002) for __rt_exit_prels_1
    rtexit.o(.ARM.exidx) refers to rtexit.o(.ARM.Collect$$rtexit$$00000000) for .ARM.Collect$$rtexit$$00000000
    libinit2.o(.ARM.Collect$$libinit$$00000001) refers to fpinit.o(x$fpl$fpinit) for _fp_init
    libinit2.o(.ARM.Collect$$libinit$$00000010) refers to libinit2.o(.ARM.Collect$$libinit$$0000000F) for .ARM.Collect$$libinit$$0000000F
    libinit2.o(.ARM.Collect$$libinit$$00000012) refers to libinit2.o(.ARM.Collect$$libinit$$0000000F) for .ARM.Collect$$libinit$$0000000F
    libinit2.o(.ARM.Collect$$libinit$$00000014) refers to libinit2.o(.ARM.Collect$$libinit$$0000000F) for .ARM.Collect$$libinit$$0000000F
    libinit2.o(.ARM.Collect$$libinit$$00000016) refers to libinit2.o(.ARM.Collect$$libinit$$0000000F) for .ARM.Collect$$libinit$$0000000F
    libinit2.o(.ARM.Collect$$libinit$$00000018) refers to libinit2.o(.ARM.Collect$$libinit$$0000000F) for .ARM.Collect$$libinit$$0000000F
    libinit2.o(.ARM.Collect$$libinit$$00000026) refers to argv_veneer.o(.emb_text) for __ARM_argv_veneer
    libinit2.o(.ARM.Collect$$libinit$$00000027) refers to argv_veneer.o(.emb_text) for __ARM_argv_veneer
    rtexit2.o(.ARM.Collect$$rtexit$$00000003) refers to libshutdown.o(.ARM.Collect$$libshutdown$$00000000) for __rt_lib_shutdown
    rtexit2.o(.ARM.Collect$$rtexit$$00000004) refers to sys_exit.o(.text) for _sys_exit
    rtexit2.o(.ARM.exidx) refers to rtexit2.o(.ARM.Collect$$rtexit$$00000001) for .ARM.Collect$$rtexit$$00000001
    rtexit2.o(.ARM.exidx) refers to rtexit2.o(.ARM.Collect$$rtexit$$00000003) for .ARM.Collect$$rtexit$$00000003
    rtexit2.o(.ARM.exidx) refers to rtexit2.o(.ARM.Collect$$rtexit$$00000004) for .ARM.Collect$$rtexit$$00000004
    argv_veneer.o(.emb_text) refers to no_argv.o(.text) for __ARM_get_argv
    sys_exit.o(.text) refers (Special) to use_no_semi.o(.text) for __I$use$semihosting
    sys_exit.o(.text) refers (Special) to indicate_semi.o(.text) for __semihosting_library_function
    sys_exit_hlt.o(.text) refers (Special) to use_no_semi.o(.text) for __I$use$semihosting
    sys_exit_hlt.o(.text) refers (Special) to indicate_semi.o(.text) for __semihosting_library_function
    _get_argv_nomalloc.o(.text) refers (Special) to hrguard.o(.text) for __heap_region$guard
    _get_argv_nomalloc.o(.text) refers to defsig_rtmem_outer.o(.text) for __rt_SIGRTMEM
    _get_argv_nomalloc.o(.text) refers to sys_command.o(.text) for _sys_command_string
    libshutdown.o(.ARM.Collect$$libshutdown$$00000000) refers (Special) to libshutdown2.o(.ARM.Collect$$libshutdown$$00000002) for __rt_lib_shutdown_cpp_1
    libshutdown.o(.ARM.Collect$$libshutdown$$00000000) refers (Special) to libshutdown2.o(.ARM.Collect$$libshutdown$$00000007) for __rt_lib_shutdown_fp_trap_1
    libshutdown.o(.ARM.Collect$$libshutdown$$00000000) refers (Special) to libshutdown2.o(.ARM.Collect$$libshutdown$$0000000F) for __rt_lib_shutdown_heap_1
    libshutdown.o(.ARM.Collect$$libshutdown$$00000000) refers (Special) to libshutdown2.o(.ARM.Collect$$libshutdown$$00000010) for __rt_lib_shutdown_return
    libshutdown.o(.ARM.Collect$$libshutdown$$00000000) refers (Special) to libshutdown2.o(.ARM.Collect$$libshutdown$$0000000A) for __rt_lib_shutdown_signal_1
    libshutdown.o(.ARM.Collect$$libshutdown$$00000000) refers (Special) to libshutdown2.o(.ARM.Collect$$libshutdown$$00000004) for __rt_lib_shutdown_stdio_1
    libshutdown.o(.ARM.Collect$$libshutdown$$00000000) refers (Special) to libshutdown2.o(.ARM.Collect$$libshutdown$$0000000C) for __rt_lib_shutdown_user_alloc_1
    sys_command.o(.text) refers (Special) to use_no_semi.o(.text) for __I$use$semihosting
    sys_command.o(.text) refers (Special) to indicate_semi.o(.text) for __semihosting_library_function
    sys_command_hlt.o(.text) refers (Special) to use_no_semi.o(.text) for __I$use$semihosting
    sys_command_hlt.o(.text) refers (Special) to indicate_semi.o(.text) for __semihosting_library_function
    defsig_rtmem_outer.o(.text) refers to defsig_rtmem_inner.o(.text) for __rt_SIGRTMEM_inner
    defsig_rtmem_outer.o(.text) refers to defsig_exit.o(.text) for __sig_exit
    defsig_rtmem_formal.o(.text) refers to rt_raise.o(.text) for __rt_raise
    rt_raise.o(.text) refers to __raise.o(.text) for __raise
    rt_raise.o(.text) refers to sys_exit.o(.text) for _sys_exit
    defsig_exit.o(.text) refers to sys_exit.o(.text) for _sys_exit
    defsig_rtmem_inner.o(.text) refers to defsig_general.o(.text) for __default_signal_display
    __raise.o(.text) refers to defsig.o(CL$$defsig) for __default_signal_handler
    defsig_general.o(.text) refers to sys_wrch.o(.text) for _ttywrch
    sys_wrch.o(.text) refers (Special) to use_no_semi.o(.text) for __I$use$semihosting
    sys_wrch.o(.text) refers (Special) to indicate_semi.o(.text) for __semihosting_library_function
    sys_wrch_hlt.o(.text) refers (Special) to use_no_semi.o(.text) for __I$use$semihosting
    sys_wrch_hlt.o(.text) refers (Special) to indicate_semi.o(.text) for __semihosting_library_function
    defsig.o(CL$$defsig) refers to defsig_rtmem_inner.o(.text) for __rt_SIGRTMEM_inner
    defsig_abrt_inner.o(.text) refers to defsig_general.o(.text) for __default_signal_display
    defsig_fpe_inner.o(.text) refers to defsig_general.o(.text) for __default_signal_display
    defsig_rtred_inner.o(.text) refers to defsig_general.o(.text) for __default_signal_display
    defsig_stak_inner.o(.text) refers to defsig_general.o(.text) for __default_signal_display
    defsig_pvfn_inner.o(.text) refers to defsig_general.o(.text) for __default_signal_display
    defsig_cppl_inner.o(.text) refers to defsig_general.o(.text) for __default_signal_display
    defsig_segv_inner.o(.text) refers to defsig_general.o(.text) for __default_signal_display
    defsig_other.o(.text) refers to defsig_general.o(.text) for __default_signal_display


==============================================================================

Removing Unused input sections from the image.

    Removing clock.o(.text), (0 bytes).
    Removing clock.o(.ARM.exidx.text.clock_init), (8 bytes).
    Removing delay.o(.text), (0 bytes).
    Removing delay.o(.ARM.exidx.text.SysTick_Init), (8 bytes).
    Removing delay.o(.ARM.exidx.text.delay_us), (8 bytes).
    Removing delay.o(.ARM.exidx.text.delay_ms), (8 bytes).
    Removing display.o(.text), (0 bytes).
    Removing display.o(.ARM.exidx.text.display_send_raw_command), (8 bytes).
    Removing display.o(.ARM.exidx.text.send_start), (8 bytes).
    Removing display.o(.ARM.exidx.text.send_byte), (8 bytes).
    Removing display.o(.ARM.exidx.text.is_ack), (8 bytes).
    Removing display.o(.ARM.exidx.text.reset_state), (8 bytes).
    Removing display.o(.ARM.exidx.text.send_stop), (8 bytes).
    Removing display.o(.ARM.exidx.text.display_send_raw_command_data), (8 bytes).
    Removing display.o(.ARM.exidx.text.display_init), (8 bytes).
    Removing display.o(.ARM.exidx.text.display_gpio_init), (8 bytes).
    Removing display.o(.text.display_test), (292 bytes).
    Removing display.o(.ARM.exidx.text.display_test), (8 bytes).
    Removing display.o(.ARM.exidx.text.get_symbol), (8 bytes).
    Removing display.o(.text.display_print_value_integer), (140 bytes).
    Removing display.o(.ARM.exidx.text.display_print_value_integer), (8 bytes).
    Removing display.o(.ARM.exidx.text.display_print_value_integer_decimal), (8 bytes).
    Removing display.o(.ARM.exidx.text.display_print_char), (8 bytes).
    Removing display.o(.ARM.exidx.text.display_print_string), (8 bytes).
    Removing display.o(.text.display_print_string_pos), (78 bytes).
    Removing display.o(.ARM.exidx.text.display_print_string_pos), (8 bytes).
    Removing display.o(.text.display_set_brightness), (26 bytes).
    Removing display.o(.ARM.exidx.text.display_set_brightness), (8 bytes).
    Removing display.o(.ARM.exidx.text.display_update), (8 bytes).
    Removing display.o(.ARM.exidx.text.display_clear), (8 bytes).
    Removing display.o(.ARM.exidx.text.data_signal), (8 bytes).
    Removing display.o(.ARM.exidx.text.clock_signal), (8 bytes).
    Removing keyboard.o(.text), (0 bytes).
    Removing keyboard.o(.ARM.exidx.text.keyboard_gpio_init), (8 bytes).
    Removing keyboard.o(.ARM.exidx.text.keyboard_get_buttons), (8 bytes).
    Removing keyboard.o(.ARM.exidx.text.keyboard_handler), (8 bytes).
    Removing main.o(.text), (0 bytes).
    Removing main.o(.ARM.exidx.text.main), (8 bytes).
    Removing main.o(.ARM.use_no_argv), (4 bytes).
    Removing display_i2c.o(.text), (0 bytes).
    Removing display_i2c.o(.text.i2c1_init), (158 bytes).
    Removing display_i2c.o(.ARM.exidx.text.i2c1_init), (8 bytes).
    Removing display_i2c.o(.text.display_send_raw_commandd), (128 bytes).
    Removing display_i2c.o(.ARM.exidx.text.display_send_raw_commandd), (8 bytes).
    Removing display_i2c.o(.text.display_send_raw_command_datad), (178 bytes).
    Removing display_i2c.o(.ARM.exidx.text.display_send_raw_command_datad), (8 bytes).
    Removing pwm.o(.text), (0 bytes).
    Removing pwm.o(.ARM.exidx.text.TIM1_UP_TIM10_IRQHandler), (8 bytes).
    Removing pwm.o(.text.pwm_timer_init), (244 bytes).
    Removing pwm.o(.ARM.exidx.text.pwm_timer_init), (8 bytes).
    Removing pwm.o(.text.__NVIC_EnableIRQ), (48 bytes).
    Removing pwm.o(.ARM.exidx.text.__NVIC_EnableIRQ), (8 bytes).
    Removing pwm.o(.text.pwm_channels_init), (122 bytes).
    Removing pwm.o(.ARM.exidx.text.pwm_channels_init), (8 bytes).
    Removing pwm.o(.text.pwm_enable), (30 bytes).
    Removing pwm.o(.ARM.exidx.text.pwm_enable), (8 bytes).
    Removing pwm.o(.text.pwm_disable), (30 bytes).
    Removing pwm.o(.ARM.exidx.text.pwm_disable), (8 bytes).
    Removing analog.o(.text), (0 bytes).
    Removing analog.o(.ARM.exidx.text.ADC_IRQHandler), (8 bytes).
    Removing analog.o(.text.adc1_init), (128 bytes).
    Removing analog.o(.ARM.exidx.text.adc1_init), (8 bytes).
    Removing analog.o(.text.__NVIC_EnableIRQ), (48 bytes).
    Removing analog.o(.ARM.exidx.text.__NVIC_EnableIRQ), (8 bytes).
    Removing system_stm32f4xx.o(.text), (0 bytes).
    Removing system_stm32f4xx.o(.ARM.exidx.text.SystemInit), (8 bytes).
    Removing system_stm32f4xx.o(.ARM.exidx.text.SystemCoreClockUpdate), (8 bytes).
    Removing system_stm32f4xx.o(.rodata.APBPrescTable), (8 bytes).

68 unused section(s) (total 2006 bytes) removed from the image.

==============================================================================

Image Symbol Table

    Local Symbols

    Symbol Name                              Value     Ov Type        Size  Object(Section)

    ../clib/angel/boardlib.s                 0x00000000   Number         0  boardinit1.o ABSOLUTE
    ../clib/angel/boardlib.s                 0x00000000   Number         0  boardinit2.o ABSOLUTE
    ../clib/angel/boardlib.s                 0x00000000   Number         0  boardinit3.o ABSOLUTE
    ../clib/angel/boardlib.s                 0x00000000   Number         0  boardshut.o ABSOLUTE
    ../clib/angel/handlers.s                 0x00000000   Number         0  __scatter_copy.o ABSOLUTE
    ../clib/angel/handlers.s                 0x00000000   Number         0  __scatter_zi.o ABSOLUTE
    ../clib/angel/kernel.s                   0x00000000   Number         0  __rtentry.o ABSOLUTE
    ../clib/angel/kernel.s                   0x00000000   Number         0  __rtentry2.o ABSOLUTE
    ../clib/angel/kernel.s                   0x00000000   Number         0  __rtentry4.o ABSOLUTE
    ../clib/angel/kernel.s                   0x00000000   Number         0  rtexit.o ABSOLUTE
    ../clib/angel/kernel.s                   0x00000000   Number         0  rtexit2.o ABSOLUTE
    ../clib/angel/rt.s                       0x00000000   Number         0  rt_raise.o ABSOLUTE
    ../clib/angel/scatter.s                  0x00000000   Number         0  __scatter.o ABSOLUTE
    ../clib/angel/startup.s                  0x00000000   Number         0  __main.o ABSOLUTE
    ../clib/angel/sys.s                      0x00000000   Number         0  sys_stackheap_outer.o ABSOLUTE
    ../clib/angel/sys.s                      0x00000000   Number         0  libspace.o ABSOLUTE
    ../clib/angel/sys.s                      0x00000000   Number         0  use_no_semi.o ABSOLUTE
    ../clib/angel/sys.s                      0x00000000   Number         0  indicate_semi.o ABSOLUTE
    ../clib/angel/sysapp.c                   0x00000000   Number         0  sys_exit.o ABSOLUTE
    ../clib/angel/sysapp.c                   0x00000000   Number         0  sys_exit_hlt.o ABSOLUTE
    ../clib/angel/sysapp.c                   0x00000000   Number         0  sys_command.o ABSOLUTE
    ../clib/angel/sysapp.c                   0x00000000   Number         0  sys_command_hlt.o ABSOLUTE
    ../clib/angel/sysapp.c                   0x00000000   Number         0  sys_wrch.o ABSOLUTE
    ../clib/angel/sysapp.c                   0x00000000   Number         0  sys_wrch_hlt.o ABSOLUTE
    ../clib/armsys.c                         0x00000000   Number         0  argv_veneer.o ABSOLUTE
    ../clib/armsys.c                         0x00000000   Number         0  argv_veneer.o ABSOLUTE
    ../clib/armsys.c                         0x00000000   Number         0  _get_argv_nomalloc.o ABSOLUTE
    ../clib/armsys.c                         0x00000000   Number         0  no_argv.o ABSOLUTE
    ../clib/heapalloc.c                      0x00000000   Number         0  hrguard.o ABSOLUTE
    ../clib/heapaux.c                        0x00000000   Number         0  heapauxi.o ABSOLUTE
    ../clib/libinit.s                        0x00000000   Number         0  libinit.o ABSOLUTE
    ../clib/libinit.s                        0x00000000   Number         0  libinit2.o ABSOLUTE
    ../clib/libinit.s                        0x00000000   Number         0  libshutdown.o ABSOLUTE
    ../clib/libinit.s                        0x00000000   Number         0  libshutdown2.o ABSOLUTE
    ../clib/signal.c                         0x00000000   Number         0  defsig_rtmem_outer.o ABSOLUTE
    ../clib/signal.c                         0x00000000   Number         0  defsig_rtmem_formal.o ABSOLUTE
    ../clib/signal.c                         0x00000000   Number         0  defsig_exit.o ABSOLUTE
    ../clib/signal.c                         0x00000000   Number         0  defsig_rtmem_inner.o ABSOLUTE
    ../clib/signal.c                         0x00000000   Number         0  __raise.o ABSOLUTE
    ../clib/signal.c                         0x00000000   Number         0  defsig_general.o ABSOLUTE
    ../clib/signal.c                         0x00000000   Number         0  defsig_abrt_inner.o ABSOLUTE
    ../clib/signal.c                         0x00000000   Number         0  defsig_fpe_inner.o ABSOLUTE
    ../clib/signal.c                         0x00000000   Number         0  defsig_rtred_inner.o ABSOLUTE
    ../clib/signal.c                         0x00000000   Number         0  defsig_stak_inner.o ABSOLUTE
    ../clib/signal.c                         0x00000000   Number         0  defsig_pvfn_inner.o ABSOLUTE
    ../clib/signal.c                         0x00000000   Number         0  defsig_cppl_inner.o ABSOLUTE
    ../clib/signal.c                         0x00000000   Number         0  defsig_segv_inner.o ABSOLUTE
    ../clib/signal.c                         0x00000000   Number         0  defsig_other.o ABSOLUTE
    ../clib/signal.s                         0x00000000   Number         0  defsig.o ABSOLUTE
    ../clib/stdlib.c                         0x00000000   Number         0  exit.o ABSOLUTE
    ../fplib/ddiv.s                          0x00000000   Number         0  ddiv.o ABSOLUTE
    ../fplib/dfixu.s                         0x00000000   Number         0  dfixu.o ABSOLUTE
    ../fplib/dflt.s                          0x00000000   Number         0  dflt_clz.o ABSOLUTE
    ../fplib/dmul.s                          0x00000000   Number         0  dmul.o ABSOLUTE
    ../fplib/dnaninf.s                       0x00000000   Number         0  dnaninf.o ABSOLUTE
    ../fplib/dretinf.s                       0x00000000   Number         0  dretinf.o ABSOLUTE
    ../fplib/fpinit.s                        0x00000000   Number         0  fpinit.o ABSOLUTE
    ../fplib/usenofp.s                       0x00000000   Number         0  usenofp.o ABSOLUTE
    RTE/Device/STM32F401CCUx/startup_stm32f401xc.s 0x00000000   Number         0  startup_stm32f401xc.o ABSOLUTE
    analog.c                                 0x00000000   Number         0  analog.o ABSOLUTE
    clock.c                                  0x00000000   Number         0  clock.o ABSOLUTE
    dc.s                                     0x00000000   Number         0  dc.o ABSOLUTE
    delay.c                                  0x00000000   Number         0  delay.o ABSOLUTE
    display.c                                0x00000000   Number         0  display.o ABSOLUTE
    display_i2c.c                            0x00000000   Number         0  display_i2c.o ABSOLUTE
    keyboard.c                               0x00000000   Number         0  keyboard.o ABSOLUTE
    main.c                                   0x00000000   Number         0  main.o ABSOLUTE
    pwm.c                                    0x00000000   Number         0  pwm.o ABSOLUTE
    system_stm32f4xx.c                       0x00000000   Number         0  system_stm32f4xx.o ABSOLUTE
    RESET                                    0x08000000   Section      404  startup_stm32f401xc.o(RESET)
    !!!main                                  0x08000194   Section        8  __main.o(!!!main)
    !!!scatter                               0x0800019c   Section       52  __scatter.o(!!!scatter)
    !!handler_copy                           0x080001d0   Section       26  __scatter_copy.o(!!handler_copy)
    !!handler_zi                             0x080001ec   Section       28  __scatter_zi.o(!!handler_zi)
    .ARM.Collect$$libinit$$00000000          0x08000208   Section        2  libinit.o(.ARM.Collect$$libinit$$00000000)
    .ARM.Collect$$libinit$$00000001          0x0800020a   Section        4  libinit2.o(.ARM.Collect$$libinit$$00000001)
    .ARM.Collect$$libinit$$00000004          0x0800020e   Section        0  libinit2.o(.ARM.Collect$$libinit$$00000004)
    .ARM.Collect$$libinit$$0000000A          0x0800020e   Section        0  libinit2.o(.ARM.Collect$$libinit$$0000000A)
    .ARM.Collect$$libinit$$0000000C          0x0800020e   Section        0  libinit2.o(.ARM.Collect$$libinit$$0000000C)
    .ARM.Collect$$libinit$$0000000E          0x0800020e   Section        0  libinit2.o(.ARM.Collect$$libinit$$0000000E)
    .ARM.Collect$$libinit$$00000011          0x0800020e   Section        0  libinit2.o(.ARM.Collect$$libinit$$00000011)
    .ARM.Collect$$libinit$$00000013          0x0800020e   Section        0  libinit2.o(.ARM.Collect$$libinit$$00000013)
    .ARM.Collect$$libinit$$00000015          0x0800020e   Section        0  libinit2.o(.ARM.Collect$$libinit$$00000015)
    .ARM.Collect$$libinit$$00000017          0x0800020e   Section        0  libinit2.o(.ARM.Collect$$libinit$$00000017)
    .ARM.Collect$$libinit$$00000019          0x0800020e   Section        0  libinit2.o(.ARM.Collect$$libinit$$00000019)
    .ARM.Collect$$libinit$$0000001B          0x0800020e   Section        0  libinit2.o(.ARM.Collect$$libinit$$0000001B)
    .ARM.Collect$$libinit$$0000001D          0x0800020e   Section        0  libinit2.o(.ARM.Collect$$libinit$$0000001D)
    .ARM.Collect$$libinit$$0000001F          0x0800020e   Section        0  libinit2.o(.ARM.Collect$$libinit$$0000001F)
    .ARM.Collect$$libinit$$00000021          0x0800020e   Section        0  libinit2.o(.ARM.Collect$$libinit$$00000021)
    .ARM.Collect$$libinit$$00000023          0x0800020e   Section        0  libinit2.o(.ARM.Collect$$libinit$$00000023)
    .ARM.Collect$$libinit$$00000025          0x0800020e   Section        0  libinit2.o(.ARM.Collect$$libinit$$00000025)
    .ARM.Collect$$libinit$$0000002C          0x0800020e   Section        0  libinit2.o(.ARM.Collect$$libinit$$0000002C)
    .ARM.Collect$$libinit$$0000002E          0x0800020e   Section        0  libinit2.o(.ARM.Collect$$libinit$$0000002E)
    .ARM.Collect$$libinit$$00000030          0x0800020e   Section        0  libinit2.o(.ARM.Collect$$libinit$$00000030)
    .ARM.Collect$$libinit$$00000032          0x0800020e   Section        0  libinit2.o(.ARM.Collect$$libinit$$00000032)
    .ARM.Collect$$libinit$$00000033          0x0800020e   Section        2  libinit2.o(.ARM.Collect$$libinit$$00000033)
    .ARM.Collect$$libshutdown$$00000000      0x08000210   Section        2  libshutdown.o(.ARM.Collect$$libshutdown$$00000000)
    .ARM.Collect$$libshutdown$$00000002      0x08000212   Section        0  libshutdown2.o(.ARM.Collect$$libshutdown$$00000002)
    .ARM.Collect$$libshutdown$$00000004      0x08000212   Section        0  libshutdown2.o(.ARM.Collect$$libshutdown$$00000004)
    .ARM.Collect$$libshutdown$$00000007      0x08000212   Section        0  libshutdown2.o(.ARM.Collect$$libshutdown$$00000007)
    .ARM.Collect$$libshutdown$$0000000A      0x08000212   Section        0  libshutdown2.o(.ARM.Collect$$libshutdown$$0000000A)
    .ARM.Collect$$libshutdown$$0000000C      0x08000212   Section        0  libshutdown2.o(.ARM.Collect$$libshutdown$$0000000C)
    .ARM.Collect$$libshutdown$$0000000F      0x08000212   Section        0  libshutdown2.o(.ARM.Collect$$libshutdown$$0000000F)
    .ARM.Collect$$libshutdown$$00000010      0x08000212   Section        2  libshutdown2.o(.ARM.Collect$$libshutdown$$00000010)
    .ARM.Collect$$rtentry$$00000000          0x08000214   Section        0  __rtentry.o(.ARM.Collect$$rtentry$$00000000)
    .ARM.Collect$$rtentry$$00000002          0x08000214   Section        0  __rtentry2.o(.ARM.Collect$$rtentry$$00000002)
    .ARM.Collect$$rtentry$$00000004          0x08000214   Section        6  __rtentry4.o(.ARM.Collect$$rtentry$$00000004)
    .ARM.Collect$$rtentry$$00000009          0x0800021a   Section        0  __rtentry2.o(.ARM.Collect$$rtentry$$00000009)
    .ARM.Collect$$rtentry$$0000000A          0x0800021a   Section        4  __rtentry2.o(.ARM.Collect$$rtentry$$0000000A)
    .ARM.Collect$$rtentry$$0000000C          0x0800021e   Section        0  __rtentry2.o(.ARM.Collect$$rtentry$$0000000C)
    .ARM.Collect$$rtentry$$0000000D          0x0800021e   Section        8  __rtentry2.o(.ARM.Collect$$rtentry$$0000000D)
    .ARM.Collect$$rtexit$$00000000           0x08000226   Section        2  rtexit.o(.ARM.Collect$$rtexit$$00000000)
    .ARM.Collect$$rtexit$$00000002           0x08000228   Section        0  rtexit2.o(.ARM.Collect$$rtexit$$00000002)
    .ARM.Collect$$rtexit$$00000003           0x08000228   Section        4  rtexit2.o(.ARM.Collect$$rtexit$$00000003)
    .ARM.Collect$$rtexit$$00000004           0x0800022c   Section        6  rtexit2.o(.ARM.Collect$$rtexit$$00000004)
    $v0                                      0x08000234   Number         0  startup_stm32f401xc.o(.text)
    .text                                    0x08000234   Section       64  startup_stm32f401xc.o(.text)
    .text                                    0x08000274   Section        0  heapauxi.o(.text)
    .text                                    0x0800027a   Section       74  sys_stackheap_outer.o(.text)
    .text                                    0x080002c4   Section        0  exit.o(.text)
    .text                                    0x080002d8   Section        8  libspace.o(.text)
    .text                                    0x080002e0   Section        0  sys_exit.o(.text)
    .text                                    0x080002ec   Section        2  use_no_semi.o(.text)
    .text                                    0x080002ee   Section        0  indicate_semi.o(.text)
    [Anonymous Symbol]                       0x080002f0   Section        0  analog.o(.text.ADC_IRQHandler)
    [Anonymous Symbol]                       0x08000318   Section        0  delay.o(.text.SysTick_Init)
    [Anonymous Symbol]                       0x08000374   Section        0  system_stm32f4xx.o(.text.SystemCoreClockUpdate)
    [Anonymous Symbol]                       0x080004a4   Section        0  system_stm32f4xx.o(.text.SystemInit)
    [Anonymous Symbol]                       0x080004b8   Section        0  pwm.o(.text.TIM1_UP_TIM10_IRQHandler)
    [Anonymous Symbol]                       0x08000688   Section        0  clock.o(.text.clock_init)
    clock_signal                             0x080007e1   Thumb Code    54  display.o(.text.clock_signal)
    [Anonymous Symbol]                       0x080007e0   Section        0  display.o(.text.clock_signal)
    data_signal                              0x08000819   Thumb Code    54  display.o(.text.data_signal)
    [Anonymous Symbol]                       0x08000818   Section        0  display.o(.text.data_signal)
    [Anonymous Symbol]                       0x08000850   Section        0  delay.o(.text.delay_ms)
    [Anonymous Symbol]                       0x08000874   Section        0  delay.o(.text.delay_us)
    [Anonymous Symbol]                       0x080008bc   Section        0  display.o(.text.display_clear)
    display_gpio_init                        0x080008f5   Thumb Code    98  display.o(.text.display_gpio_init)
    [Anonymous Symbol]                       0x080008f4   Section        0  display.o(.text.display_gpio_init)
    [Anonymous Symbol]                       0x08000958   Section        0  display.o(.text.display_init)
    [Anonymous Symbol]                       0x08000980   Section        0  display.o(.text.display_print_char)
    [Anonymous Symbol]                       0x08000a10   Section        0  display.o(.text.display_print_string)
    [Anonymous Symbol]                       0x08000a48   Section        0  display.o(.text.display_print_value_integer_decimal)
    [Anonymous Symbol]                       0x08000b14   Section        0  display.o(.text.display_send_raw_command)
    [Anonymous Symbol]                       0x08000b50   Section        0  display.o(.text.display_send_raw_command_data)
    [Anonymous Symbol]                       0x08000bd8   Section        0  display.o(.text.display_update)
    [Anonymous Symbol]                       0x08000bec   Section        0  display.o(.text.get_symbol)
    is_ack                                   0x08000c21   Thumb Code    66  display.o(.text.is_ack)
    [Anonymous Symbol]                       0x08000c20   Section        0  display.o(.text.is_ack)
    [Anonymous Symbol]                       0x08000c64   Section        0  keyboard.o(.text.keyboard_get_buttons)
    [Anonymous Symbol]                       0x08000cdc   Section        0  keyboard.o(.text.keyboard_gpio_init)
    [Anonymous Symbol]                       0x08000d30   Section        0  keyboard.o(.text.keyboard_handler)
    [Anonymous Symbol]                       0x08000d7c   Section        0  main.o(.text.main)
    reset_state                              0x08000e65   Thumb Code    22  display.o(.text.reset_state)
    [Anonymous Symbol]                       0x08000e64   Section        0  display.o(.text.reset_state)
    send_byte                                0x08000e7d   Thumb Code    96  display.o(.text.send_byte)
    [Anonymous Symbol]                       0x08000e7c   Section        0  display.o(.text.send_byte)
    send_start                               0x08000edd   Thumb Code    16  display.o(.text.send_start)
    [Anonymous Symbol]                       0x08000edc   Section        0  display.o(.text.send_start)
    send_stop                                0x08000eed   Thumb Code    50  display.o(.text.send_stop)
    [Anonymous Symbol]                       0x08000eec   Section        0  display.o(.text.send_stop)
    $v0                                      0x08000f20   Number         0  ddiv.o(x$fpl$ddiv)
    x$fpl$ddiv                               0x08000f20   Section      692  ddiv.o(x$fpl$ddiv)
    ddiv_entry                               0x08000f27   Thumb Code     0  ddiv.o(x$fpl$ddiv)
    $v0                                      0x080011d4   Number         0  dfixu.o(x$fpl$dfixu)
    x$fpl$dfixu                              0x080011d4   Section       90  dfixu.o(x$fpl$dfixu)
    $v0                                      0x0800122e   Number         0  dflt_clz.o(x$fpl$dflt)
    x$fpl$dflt                               0x0800122e   Section       46  dflt_clz.o(x$fpl$dflt)
    $v0                                      0x0800125c   Number         0  dmul.o(x$fpl$dmul)
    x$fpl$dmul                               0x0800125c   Section      340  dmul.o(x$fpl$dmul)
    $v0                                      0x080013b0   Number         0  dnaninf.o(x$fpl$dnaninf)
    x$fpl$dnaninf                            0x080013b0   Section      156  dnaninf.o(x$fpl$dnaninf)
    $v0                                      0x0800144c   Number         0  dretinf.o(x$fpl$dretinf)
    x$fpl$dretinf                            0x0800144c   Section       12  dretinf.o(x$fpl$dretinf)
    $v0                                      0x08001458   Number         0  fpinit.o(x$fpl$fpinit)
    x$fpl$fpinit                             0x08001458   Section       26  fpinit.o(x$fpl$fpinit)
    x$fpl$usenofp                            0x08001472   Section        0  usenofp.o(x$fpl$usenofp)
    .L.str                                   0x08001752   Data           5  main.o(.rodata.str1.1)
    [Anonymous Symbol]                       0x08001752   Section        0  main.o(.rodata.str1.1)
    symbols_table                            0x08001757   Data          37  display.o(.rodata.symbols_table)
    [Anonymous Symbol]                       0x08001757   Section        0  display.o(.rodata.symbols_table)
    .bss                                     0x20000008   Section       96  libspace.o(.bss)
    CLK_PERIOD                               0x20000068   Data           4  delay.o(.bss.CLK_PERIOD)
    [Anonymous Symbol]                       0x20000068   Section        0  delay.o(.bss.CLK_PERIOD)
    display_data                             0x2000006e   Data           4  display.o(.bss.display_data)
    [Anonymous Symbol]                       0x2000006e   Section        0  display.o(.bss.display_data)
    Heap_Mem                                 0x20000080   Data         512  startup_stm32f401xc.o(HEAP)
    HEAP                                     0x20000080   Section      512  startup_stm32f401xc.o(HEAP)
    Stack_Mem                                0x20000280   Data        1024  startup_stm32f401xc.o(STACK)
    STACK                                    0x20000280   Section     1024  startup_stm32f401xc.o(STACK)
    __initial_sp                             0x20000680   Data           0  startup_stm32f401xc.o(STACK)

    Global Symbols

    Symbol Name                              Value     Ov Type        Size  Object(Section)

    BuildAttributes$$THM_ISAv4$E$P$D$K$B$S$7EM$VFPi3$EXTD16$VFPS$VFMA$PE$A:L22UL41UL21$X:L11$S22US41US21$IEEE1$IW$~IW$USESV6$~STKCKD$USESV7$~SHL$OSPACE$ROPI$EBA8$UX$STANDARDLIB$REQ8$PRES8$EABIv2 0x00000000   Number         0  anon$$obj.o ABSOLUTE
    __ARM_exceptions_init                     - Undefined Weak Reference
    __alloca_initialize                       - Undefined Weak Reference
    __arm_preinit_                            - Undefined Weak Reference
    __cpp_initialize__aeabi_                  - Undefined Weak Reference
    __cxa_finalize                            - Undefined Weak Reference
    __rt_locale                               - Undefined Weak Reference
    __sigvec_lookup                           - Undefined Weak Reference
    _atexit_init                              - Undefined Weak Reference
    _call_atexit_fns                          - Undefined Weak Reference
    _clock_init                               - Undefined Weak Reference
    _fp_trap_init                             - Undefined Weak Reference
    _fp_trap_shutdown                         - Undefined Weak Reference
    _get_lc_collate                           - Undefined Weak Reference
    _get_lc_ctype                             - Undefined Weak Reference
    _get_lc_monetary                          - Undefined Weak Reference
    _get_lc_numeric                           - Undefined Weak Reference
    _get_lc_time                              - Undefined Weak Reference
    _getenv_init                              - Undefined Weak Reference
    _handle_redirection                       - Undefined Weak Reference
    _init_alloc                               - Undefined Weak Reference
    _init_user_alloc                          - Undefined Weak Reference
    _initio                                   - Undefined Weak Reference
    _rand_init                                - Undefined Weak Reference
    _signal_finish                            - Undefined Weak Reference
    _signal_init                              - Undefined Weak Reference
    _terminate_alloc                          - Undefined Weak Reference
    _terminate_user_alloc                     - Undefined Weak Reference
    _terminateio                              - Undefined Weak Reference
    __Vectors_Size                           0x00000194   Number         0  startup_stm32f401xc.o ABSOLUTE
    __Vectors                                0x08000000   Data           4  startup_stm32f401xc.o(RESET)
    __Vectors_End                            0x08000194   Data           0  startup_stm32f401xc.o(RESET)
    __main                                   0x08000195   Thumb Code     8  __main.o(!!!main)
    __scatterload                            0x0800019d   Thumb Code     0  __scatter.o(!!!scatter)
    __scatterload_rt2                        0x0800019d   Thumb Code    44  __scatter.o(!!!scatter)
    __scatterload_rt2_thumb_only             0x0800019d   Thumb Code     0  __scatter.o(!!!scatter)
    __scatterload_null                       0x080001ab   Thumb Code     0  __scatter.o(!!!scatter)
    __scatterload_copy                       0x080001d1   Thumb Code    26  __scatter_copy.o(!!handler_copy)
    __scatterload_zeroinit                   0x080001ed   Thumb Code    28  __scatter_zi.o(!!handler_zi)
    __rt_lib_init                            0x08000209   Thumb Code     0  libinit.o(.ARM.Collect$$libinit$$00000000)
    __rt_lib_init_fp_1                       0x0800020b   Thumb Code     0  libinit2.o(.ARM.Collect$$libinit$$00000001)
    __rt_lib_init_alloca_1                   0x0800020f   Thumb Code     0  libinit2.o(.ARM.Collect$$libinit$$0000002E)
    __rt_lib_init_argv_1                     0x0800020f   Thumb Code     0  libinit2.o(.ARM.Collect$$libinit$$0000002C)
    __rt_lib_init_atexit_1                   0x0800020f   Thumb Code     0  libinit2.o(.ARM.Collect$$libinit$$0000001B)
    __rt_lib_init_clock_1                    0x0800020f   Thumb Code     0  libinit2.o(.ARM.Collect$$libinit$$00000021)
    __rt_lib_init_cpp_1                      0x0800020f   Thumb Code     0  libinit2.o(.ARM.Collect$$libinit$$00000032)
    __rt_lib_init_exceptions_1               0x0800020f   Thumb Code     0  libinit2.o(.ARM.Collect$$libinit$$00000030)
    __rt_lib_init_fp_trap_1                  0x0800020f   Thumb Code     0  libinit2.o(.ARM.Collect$$libinit$$0000001F)
    __rt_lib_init_getenv_1                   0x0800020f   Thumb Code     0  libinit2.o(.ARM.Collect$$libinit$$00000023)
    __rt_lib_init_heap_1                     0x0800020f   Thumb Code     0  libinit2.o(.ARM.Collect$$libinit$$0000000A)
    __rt_lib_init_lc_collate_1               0x0800020f   Thumb Code     0  libinit2.o(.ARM.Collect$$libinit$$00000011)
    __rt_lib_init_lc_ctype_1                 0x0800020f   Thumb Code     0  libinit2.o(.ARM.Collect$$libinit$$00000013)
    __rt_lib_init_lc_monetary_1              0x0800020f   Thumb Code     0  libinit2.o(.ARM.Collect$$libinit$$00000015)
    __rt_lib_init_lc_numeric_1               0x0800020f   Thumb Code     0  libinit2.o(.ARM.Collect$$libinit$$00000017)
    __rt_lib_init_lc_time_1                  0x0800020f   Thumb Code     0  libinit2.o(.ARM.Collect$$libinit$$00000019)
    __rt_lib_init_preinit_1                  0x0800020f   Thumb Code     0  libinit2.o(.ARM.Collect$$libinit$$00000004)
    __rt_lib_init_rand_1                     0x0800020f   Thumb Code     0  libinit2.o(.ARM.Collect$$libinit$$0000000E)
    __rt_lib_init_return                     0x0800020f   Thumb Code     0  libinit2.o(.ARM.Collect$$libinit$$00000033)
    __rt_lib_init_signal_1                   0x0800020f   Thumb Code     0  libinit2.o(.ARM.Collect$$libinit$$0000001D)
    __rt_lib_init_stdio_1                    0x0800020f   Thumb Code     0  libinit2.o(.ARM.Collect$$libinit$$00000025)
    __rt_lib_init_user_alloc_1               0x0800020f   Thumb Code     0  libinit2.o(.ARM.Collect$$libinit$$0000000C)
    __rt_lib_shutdown                        0x08000211   Thumb Code     0  libshutdown.o(.ARM.Collect$$libshutdown$$00000000)
    __rt_lib_shutdown_cpp_1                  0x08000213   Thumb Code     0  libshutdown2.o(.ARM.Collect$$libshutdown$$00000002)
    __rt_lib_shutdown_fp_trap_1              0x08000213   Thumb Code     0  libshutdown2.o(.ARM.Collect$$libshutdown$$00000007)
    __rt_lib_shutdown_heap_1                 0x08000213   Thumb Code     0  libshutdown2.o(.ARM.Collect$$libshutdown$$0000000F)
    __rt_lib_shutdown_return                 0x08000213   Thumb Code     0  libshutdown2.o(.ARM.Collect$$libshutdown$$00000010)
    __rt_lib_shutdown_signal_1               0x08000213   Thumb Code     0  libshutdown2.o(.ARM.Collect$$libshutdown$$0000000A)
    __rt_lib_shutdown_stdio_1                0x08000213   Thumb Code     0  libshutdown2.o(.ARM.Collect$$libshutdown$$00000004)
    __rt_lib_shutdown_user_alloc_1           0x08000213   Thumb Code     0  libshutdown2.o(.ARM.Collect$$libshutdown$$0000000C)
    __rt_entry                               0x08000215   Thumb Code     0  __rtentry.o(.ARM.Collect$$rtentry$$00000000)
    __rt_entry_presh_1                       0x08000215   Thumb Code     0  __rtentry2.o(.ARM.Collect$$rtentry$$00000002)
    __rt_entry_sh                            0x08000215   Thumb Code     0  __rtentry4.o(.ARM.Collect$$rtentry$$00000004)
    __rt_entry_li                            0x0800021b   Thumb Code     0  __rtentry2.o(.ARM.Collect$$rtentry$$0000000A)
    __rt_entry_postsh_1                      0x0800021b   Thumb Code     0  __rtentry2.o(.ARM.Collect$$rtentry$$00000009)
    __rt_entry_main                          0x0800021f   Thumb Code     0  __rtentry2.o(.ARM.Collect$$rtentry$$0000000D)
    __rt_entry_postli_1                      0x0800021f   Thumb Code     0  __rtentry2.o(.ARM.Collect$$rtentry$$0000000C)
    __rt_exit                                0x08000227   Thumb Code     0  rtexit.o(.ARM.Collect$$rtexit$$00000000)
    __rt_exit_ls                             0x08000229   Thumb Code     0  rtexit2.o(.ARM.Collect$$rtexit$$00000003)
    __rt_exit_prels_1                        0x08000229   Thumb Code     0  rtexit2.o(.ARM.Collect$$rtexit$$00000002)
    __rt_exit_exit                           0x0800022d   Thumb Code     0  rtexit2.o(.ARM.Collect$$rtexit$$00000004)
    Reset_Handler                            0x08000235   Thumb Code     8  startup_stm32f401xc.o(.text)
    NMI_Handler                              0x0800023d   Thumb Code     2  startup_stm32f401xc.o(.text)
    HardFault_Handler                        0x0800023f   Thumb Code     2  startup_stm32f401xc.o(.text)
    MemManage_Handler                        0x08000241   Thumb Code     2  startup_stm32f401xc.o(.text)
    BusFault_Handler                         0x08000243   Thumb Code     2  startup_stm32f401xc.o(.text)
    UsageFault_Handler                       0x08000245   Thumb Code     2  startup_stm32f401xc.o(.text)
    SVC_Handler                              0x08000247   Thumb Code     2  startup_stm32f401xc.o(.text)
    DebugMon_Handler                         0x08000249   Thumb Code     2  startup_stm32f401xc.o(.text)
    PendSV_Handler                           0x0800024b   Thumb Code     2  startup_stm32f401xc.o(.text)
    SysTick_Handler                          0x0800024d   Thumb Code     2  startup_stm32f401xc.o(.text)
    DMA1_Stream0_IRQHandler                  0x0800024f   Thumb Code     0  startup_stm32f401xc.o(.text)
    DMA1_Stream1_IRQHandler                  0x0800024f   Thumb Code     0  startup_stm32f401xc.o(.text)
    DMA1_Stream2_IRQHandler                  0x0800024f   Thumb Code     0  startup_stm32f401xc.o(.text)
    DMA1_Stream3_IRQHandler                  0x0800024f   Thumb Code     0  startup_stm32f401xc.o(.text)
    DMA1_Stream4_IRQHandler                  0x0800024f   Thumb Code     0  startup_stm32f401xc.o(.text)
    DMA1_Stream5_IRQHandler                  0x0800024f   Thumb Code     0  startup_stm32f401xc.o(.text)
    DMA1_Stream6_IRQHandler                  0x0800024f   Thumb Code     0  startup_stm32f401xc.o(.text)
    DMA1_Stream7_IRQHandler                  0x0800024f   Thumb Code     0  startup_stm32f401xc.o(.text)
    DMA2_Stream0_IRQHandler                  0x0800024f   Thumb Code     0  startup_stm32f401xc.o(.text)
    DMA2_Stream1_IRQHandler                  0x0800024f   Thumb Code     0  startup_stm32f401xc.o(.text)
    DMA2_Stream2_IRQHandler                  0x0800024f   Thumb Code     0  startup_stm32f401xc.o(.text)
    DMA2_Stream3_IRQHandler                  0x0800024f   Thumb Code     0  startup_stm32f401xc.o(.text)
    DMA2_Stream4_IRQHandler                  0x0800024f   Thumb Code     0  startup_stm32f401xc.o(.text)
    DMA2_Stream5_IRQHandler                  0x0800024f   Thumb Code     0  startup_stm32f401xc.o(.text)
    DMA2_Stream6_IRQHandler                  0x0800024f   Thumb Code     0  startup_stm32f401xc.o(.text)
    DMA2_Stream7_IRQHandler                  0x0800024f   Thumb Code     0  startup_stm32f401xc.o(.text)
    EXTI0_IRQHandler                         0x0800024f   Thumb Code     0  startup_stm32f401xc.o(.text)
    EXTI15_10_IRQHandler                     0x0800024f   Thumb Code     0  startup_stm32f401xc.o(.text)
    EXTI1_IRQHandler                         0x0800024f   Thumb Code     0  startup_stm32f401xc.o(.text)
    EXTI2_IRQHandler                         0x0800024f   Thumb Code     0  startup_stm32f401xc.o(.text)
    EXTI3_IRQHandler                         0x0800024f   Thumb Code     0  startup_stm32f401xc.o(.text)
    EXTI4_IRQHandler                         0x0800024f   Thumb Code     0  startup_stm32f401xc.o(.text)
    EXTI9_5_IRQHandler                       0x0800024f   Thumb Code     0  startup_stm32f401xc.o(.text)
    FLASH_IRQHandler                         0x0800024f   Thumb Code     0  startup_stm32f401xc.o(.text)
    FPU_IRQHandler                           0x0800024f   Thumb Code     0  startup_stm32f401xc.o(.text)
    I2C1_ER_IRQHandler                       0x0800024f   Thumb Code     0  startup_stm32f401xc.o(.text)
    I2C1_EV_IRQHandler                       0x0800024f   Thumb Code     0  startup_stm32f401xc.o(.text)
    I2C2_ER_IRQHandler                       0x0800024f   Thumb Code     0  startup_stm32f401xc.o(.text)
    I2C2_EV_IRQHandler                       0x0800024f   Thumb Code     0  startup_stm32f401xc.o(.text)
    I2C3_ER_IRQHandler                       0x0800024f   Thumb Code     0  startup_stm32f401xc.o(.text)
    I2C3_EV_IRQHandler                       0x0800024f   Thumb Code     0  startup_stm32f401xc.o(.text)
    OTG_FS_IRQHandler                        0x0800024f   Thumb Code     0  startup_stm32f401xc.o(.text)
    OTG_FS_WKUP_IRQHandler                   0x0800024f   Thumb Code     0  startup_stm32f401xc.o(.text)
    PVD_IRQHandler                           0x0800024f   Thumb Code     0  startup_stm32f401xc.o(.text)
    RCC_IRQHandler                           0x0800024f   Thumb Code     0  startup_stm32f401xc.o(.text)
    RTC_Alarm_IRQHandler                     0x0800024f   Thumb Code     0  startup_stm32f401xc.o(.text)
    RTC_WKUP_IRQHandler                      0x0800024f   Thumb Code     0  startup_stm32f401xc.o(.text)
    SDIO_IRQHandler                          0x0800024f   Thumb Code     0  startup_stm32f401xc.o(.text)
    SPI1_IRQHandler                          0x0800024f   Thumb Code     0  startup_stm32f401xc.o(.text)
    SPI2_IRQHandler                          0x0800024f   Thumb Code     0  startup_stm32f401xc.o(.text)
    SPI3_IRQHandler                          0x0800024f   Thumb Code     0  startup_stm32f401xc.o(.text)
    SPI4_IRQHandler                          0x0800024f   Thumb Code     0  startup_stm32f401xc.o(.text)
    TAMP_STAMP_IRQHandler                    0x0800024f   Thumb Code     0  startup_stm32f401xc.o(.text)
    TIM1_BRK_TIM9_IRQHandler                 0x0800024f   Thumb Code     0  startup_stm32f401xc.o(.text)
    TIM1_CC_IRQHandler                       0x0800024f   Thumb Code     0  startup_stm32f401xc.o(.text)
    TIM1_TRG_COM_TIM11_IRQHandler            0x0800024f   Thumb Code     0  startup_stm32f401xc.o(.text)
    TIM2_IRQHandler                          0x0800024f   Thumb Code     0  startup_stm32f401xc.o(.text)
    TIM3_IRQHandler                          0x0800024f   Thumb Code     0  startup_stm32f401xc.o(.text)
    TIM4_IRQHandler                          0x0800024f   Thumb Code     0  startup_stm32f401xc.o(.text)
    TIM5_IRQHandler                          0x0800024f   Thumb Code     0  startup_stm32f401xc.o(.text)
    USART1_IRQHandler                        0x0800024f   Thumb Code     0  startup_stm32f401xc.o(.text)
    USART2_IRQHandler                        0x0800024f   Thumb Code     0  startup_stm32f401xc.o(.text)
    USART6_IRQHandler                        0x0800024f   Thumb Code     0  startup_stm32f401xc.o(.text)
    WWDG_IRQHandler                          0x0800024f   Thumb Code     0  startup_stm32f401xc.o(.text)
    __user_initial_stackheap                 0x08000251   Thumb Code     0  startup_stm32f401xc.o(.text)
    __use_two_region_memory                  0x08000275   Thumb Code     2  heapauxi.o(.text)
    __rt_heap_escrow$2region                 0x08000277   Thumb Code     2  heapauxi.o(.text)
    __rt_heap_expand$2region                 0x08000279   Thumb Code     2  heapauxi.o(.text)
    __user_setup_stackheap                   0x0800027b   Thumb Code    74  sys_stackheap_outer.o(.text)
    exit                                     0x080002c5   Thumb Code    18  exit.o(.text)
    __user_libspace                          0x080002d9   Thumb Code     8  libspace.o(.text)
    __user_perproc_libspace                  0x080002d9   Thumb Code     0  libspace.o(.text)
    __user_perthread_libspace                0x080002d9   Thumb Code     0  libspace.o(.text)
    _sys_exit                                0x080002e1   Thumb Code     8  sys_exit.o(.text)
    __I$use$semihosting                      0x080002ed   Thumb Code     0  use_no_semi.o(.text)
    __use_no_semihosting_swi                 0x080002ed   Thumb Code     2  use_no_semi.o(.text)
    __semihosting_library_function           0x080002ef   Thumb Code     0  indicate_semi.o(.text)
    ADC_IRQHandler                           0x080002f1   Thumb Code    38  analog.o(.text.ADC_IRQHandler)
    SysTick_Init                             0x08000319   Thumb Code    90  delay.o(.text.SysTick_Init)
    SystemCoreClockUpdate                    0x08000375   Thumb Code   302  system_stm32f4xx.o(.text.SystemCoreClockUpdate)
    SystemInit                               0x080004a5   Thumb Code    18  system_stm32f4xx.o(.text.SystemInit)
    TIM1_UP_TIM10_IRQHandler                 0x080004b9   Thumb Code   464  pwm.o(.text.TIM1_UP_TIM10_IRQHandler)
    clock_init                               0x08000689   Thumb Code   342  clock.o(.text.clock_init)
    delay_ms                                 0x08000851   Thumb Code    34  delay.o(.text.delay_ms)
    delay_us                                 0x08000875   Thumb Code    70  delay.o(.text.delay_us)
    display_clear                            0x080008bd   Thumb Code    54  display.o(.text.display_clear)
    display_init                             0x08000959   Thumb Code    40  display.o(.text.display_init)
    display_print_char                       0x08000981   Thumb Code   144  display.o(.text.display_print_char)
    display_print_string                     0x08000a11   Thumb Code    56  display.o(.text.display_print_string)
    display_print_value_integer_decimal      0x08000a49   Thumb Code   202  display.o(.text.display_print_value_integer_decimal)
    display_send_raw_command                 0x08000b15   Thumb Code    60  display.o(.text.display_send_raw_command)
    display_send_raw_command_data            0x08000b51   Thumb Code   134  display.o(.text.display_send_raw_command_data)
    display_update                           0x08000bd9   Thumb Code    20  display.o(.text.display_update)
    get_symbol                               0x08000bed   Thumb Code    52  display.o(.text.get_symbol)
    keyboard_get_buttons                     0x08000c65   Thumb Code   120  keyboard.o(.text.keyboard_get_buttons)
    keyboard_gpio_init                       0x08000cdd   Thumb Code    82  keyboard.o(.text.keyboard_gpio_init)
    keyboard_handler                         0x08000d31   Thumb Code    74  keyboard.o(.text.keyboard_handler)
    main                                     0x08000d7d   Thumb Code   230  main.o(.text.main)
    __aeabi_ddiv                             0x08000f21   Thumb Code     0  ddiv.o(x$fpl$ddiv)
    _ddiv                                    0x08000f21   Thumb Code   556  ddiv.o(x$fpl$ddiv)
    __aeabi_d2uiz                            0x080011d5   Thumb Code     0  dfixu.o(x$fpl$dfixu)
    _dfixu                                   0x080011d5   Thumb Code    90  dfixu.o(x$fpl$dfixu)
    __aeabi_i2d                              0x0800122f   Thumb Code     0  dflt_clz.o(x$fpl$dflt)
    _dflt                                    0x0800122f   Thumb Code    46  dflt_clz.o(x$fpl$dflt)
    __aeabi_dmul                             0x0800125d   Thumb Code     0  dmul.o(x$fpl$dmul)
    _dmul                                    0x0800125d   Thumb Code   332  dmul.o(x$fpl$dmul)
    __fpl_dnaninf                            0x080013b1   Thumb Code   156  dnaninf.o(x$fpl$dnaninf)
    __fpl_dretinf                            0x0800144d   Thumb Code    12  dretinf.o(x$fpl$dretinf)
    _fp_init                                 0x08001459   Thumb Code    26  fpinit.o(x$fpl$fpinit)
    __fplib_config_fpu_vfp                   0x08001471   Thumb Code     0  fpinit.o(x$fpl$fpinit)
    __fplib_config_pureend_doubles           0x08001471   Thumb Code     0  fpinit.o(x$fpl$fpinit)
    AHBPrescTable                            0x08001472   Data          16  system_stm32f4xx.o(.rodata.AHBPrescTable)
    __I$use$fp                               0x08001472   Number         0  usenofp.o(x$fpl$usenofp)
    sinewave_array                           0x08001482   Data         720  pwm.o(.rodata.sinewave_array)
    Region$$Table$$Base                      0x0800177c   Number         0  anon$$obj.o(Region$$Table)
    Region$$Table$$Limit                     0x0800179c   Number         0  anon$$obj.o(Region$$Table)
    SystemCoreClock                          0x20000000   Data           4  system_stm32f4xx.o(.data.SystemCoreClock)
    __libspace_start                         0x20000008   Data          96  libspace.o(.bss)
    __temporary_stack_top$libspace           0x20000068   Data           0  libspace.o(.bss)
    adc_value                                0x2000006c   Data           2  pwm.o(.bss.adc_value)
    keyboard_buttons                         0x20000072   Data           2  main.o(.bss.keyboard_buttons)
    old_keyboard_buttons                     0x20000074   Data           2  main.o(.bss.old_keyboard_buttons)
    phase_a                                  0x20000076   Data           2  pwm.o(.bss.phase_a)
    phase_accumulator                        0x20000078   Data           2  pwm.o(.bss.phase_accumulator)
    phase_b                                  0x2000007a   Data           2  pwm.o(.bss.phase_b)
    phase_c                                  0x2000007c   Data           2  pwm.o(.bss.phase_c)



==============================================================================

Memory Map of the image

  Image Entry point : 0x08000235

  Load Region LR_1 (Base: 0x08000000, Size: 0x000017a0, Max: 0xffffffff, ABSOLUTE)

    Execution Region ER_RO (Exec base: 0x08000000, Load base: 0x08000000, Size: 0x0000179c, Max: 0xffffffff, ABSOLUTE)

    Exec Addr    Load Addr    Size         Type   Attr      Idx    E Section Name        Object

    0x08000000   0x08000000   0x00000194   Data   RO          152    RESET               startup_stm32f401xc.o
    0x08000194   0x08000194   0x00000008   Code   RO          177  * !!!main             c_w.l(__main.o)
    0x0800019c   0x0800019c   0x00000034   Code   RO          361    !!!scatter          c_w.l(__scatter.o)
    0x080001d0   0x080001d0   0x0000001a   Code   RO          363    !!handler_copy      c_w.l(__scatter_copy.o)
    0x080001ea   0x080001ea   0x00000002   PAD
    0x080001ec   0x080001ec   0x0000001c   Code   RO          365    !!handler_zi        c_w.l(__scatter_zi.o)
    0x08000208   0x08000208   0x00000002   Code   RO          225    .ARM.Collect$$libinit$$00000000  c_w.l(libinit.o)
    0x0800020a   0x0800020a   0x00000004   Code   RO          231    .ARM.Collect$$libinit$$00000001  c_w.l(libinit2.o)
    0x0800020e   0x0800020e   0x00000000   Code   RO          234    .ARM.Collect$$libinit$$00000004  c_w.l(libinit2.o)
    0x0800020e   0x0800020e   0x00000000   Code   RO          237    .ARM.Collect$$libinit$$0000000A  c_w.l(libinit2.o)
    0x0800020e   0x0800020e   0x00000000   Code   RO          239    .ARM.Collect$$libinit$$0000000C  c_w.l(libinit2.o)
    0x0800020e   0x0800020e   0x00000000   Code   RO          241    .ARM.Collect$$libinit$$0000000E  c_w.l(libinit2.o)
    0x0800020e   0x0800020e   0x00000000   Code   RO          244    .ARM.Collect$$libinit$$00000011  c_w.l(libinit2.o)
    0x0800020e   0x0800020e   0x00000000   Code   RO          246    .ARM.Collect$$libinit$$00000013  c_w.l(libinit2.o)
    0x0800020e   0x0800020e   0x00000000   Code   RO          248    .ARM.Collect$$libinit$$00000015  c_w.l(libinit2.o)
    0x0800020e   0x0800020e   0x00000000   Code   RO          250    .ARM.Collect$$libinit$$00000017  c_w.l(libinit2.o)
    0x0800020e   0x0800020e   0x00000000   Code   RO          252    .ARM.Collect$$libinit$$00000019  c_w.l(libinit2.o)
    0x0800020e   0x0800020e   0x00000000   Code   RO          254    .ARM.Collect$$libinit$$0000001B  c_w.l(libinit2.o)
    0x0800020e   0x0800020e   0x00000000   Code   RO          256    .ARM.Collect$$libinit$$0000001D  c_w.l(libinit2.o)
    0x0800020e   0x0800020e   0x00000000   Code   RO          258    .ARM.Collect$$libinit$$0000001F  c_w.l(libinit2.o)
    0x0800020e   0x0800020e   0x00000000   Code   RO          260    .ARM.Collect$$libinit$$00000021  c_w.l(libinit2.o)
    0x0800020e   0x0800020e   0x00000000   Code   RO          262    .ARM.Collect$$libinit$$00000023  c_w.l(libinit2.o)
    0x0800020e   0x0800020e   0x00000000   Code   RO          264    .ARM.Collect$$libinit$$00000025  c_w.l(libinit2.o)
    0x0800020e   0x0800020e   0x00000000   Code   RO          268    .ARM.Collect$$libinit$$0000002C  c_w.l(libinit2.o)
    0x0800020e   0x0800020e   0x00000000   Code   RO          270    .ARM.Collect$$libinit$$0000002E  c_w.l(libinit2.o)
    0x0800020e   0x0800020e   0x00000000   Code   RO          272    .ARM.Collect$$libinit$$00000030  c_w.l(libinit2.o)
    0x0800020e   0x0800020e   0x00000000   Code   RO          274    .ARM.Collect$$libinit$$00000032  c_w.l(libinit2.o)
    0x0800020e   0x0800020e   0x00000002   Code   RO          275    .ARM.Collect$$libinit$$00000033  c_w.l(libinit2.o)
    0x08000210   0x08000210   0x00000002   Code   RO          297    .ARM.Collect$$libshutdown$$00000000  c_w.l(libshutdown.o)
    0x08000212   0x08000212   0x00000000   Code   RO          312    .ARM.Collect$$libshutdown$$00000002  c_w.l(libshutdown2.o)
    0x08000212   0x08000212   0x00000000   Code   RO          314    .ARM.Collect$$libshutdown$$00000004  c_w.l(libshutdown2.o)
    0x08000212   0x08000212   0x00000000   Code   RO          317    .ARM.Collect$$libshutdown$$00000007  c_w.l(libshutdown2.o)
    0x08000212   0x08000212   0x00000000   Code   RO          320    .ARM.Collect$$libshutdown$$0000000A  c_w.l(libshutdown2.o)
    0x08000212   0x08000212   0x00000000   Code   RO          322    .ARM.Collect$$libshutdown$$0000000C  c_w.l(libshutdown2.o)
    0x08000212   0x08000212   0x00000000   Code   RO          325    .ARM.Collect$$libshutdown$$0000000F  c_w.l(libshutdown2.o)
    0x08000212   0x08000212   0x00000002   Code   RO          326    .ARM.Collect$$libshutdown$$00000010  c_w.l(libshutdown2.o)
    0x08000214   0x08000214   0x00000000   Code   RO          195    .ARM.Collect$$rtentry$$00000000  c_w.l(__rtentry.o)
    0x08000214   0x08000214   0x00000000   Code   RO          202    .ARM.Collect$$rtentry$$00000002  c_w.l(__rtentry2.o)
    0x08000214   0x08000214   0x00000006   Code   RO          214    .ARM.Collect$$rtentry$$00000004  c_w.l(__rtentry4.o)
    0x0800021a   0x0800021a   0x00000000   Code   RO          204    .ARM.Collect$$rtentry$$00000009  c_w.l(__rtentry2.o)
    0x0800021a   0x0800021a   0x00000004   Code   RO          205    .ARM.Collect$$rtentry$$0000000A  c_w.l(__rtentry2.o)
    0x0800021e   0x0800021e   0x00000000   Code   RO          207    .ARM.Collect$$rtentry$$0000000C  c_w.l(__rtentry2.o)
    0x0800021e   0x0800021e   0x00000008   Code   RO          208    .ARM.Collect$$rtentry$$0000000D  c_w.l(__rtentry2.o)
    0x08000226   0x08000226   0x00000002   Code   RO          229    .ARM.Collect$$rtexit$$00000000  c_w.l(rtexit.o)
    0x08000228   0x08000228   0x00000000   Code   RO          277    .ARM.Collect$$rtexit$$00000002  c_w.l(rtexit2.o)
    0x08000228   0x08000228   0x00000004   Code   RO          278    .ARM.Collect$$rtexit$$00000003  c_w.l(rtexit2.o)
    0x0800022c   0x0800022c   0x00000006   Code   RO          279    .ARM.Collect$$rtexit$$00000004  c_w.l(rtexit2.o)
    0x08000232   0x08000232   0x00000002   PAD
    0x08000234   0x08000234   0x00000040   Code   RO          153  * .text               startup_stm32f401xc.o
    0x08000274   0x08000274   0x00000006   Code   RO          175    .text               c_w.l(heapauxi.o)
    0x0800027a   0x0800027a   0x0000004a   Code   RO          216    .text               c_w.l(sys_stackheap_outer.o)
    0x080002c4   0x080002c4   0x00000012   Code   RO          218    .text               c_w.l(exit.o)
    0x080002d6   0x080002d6   0x00000002   PAD
    0x080002d8   0x080002d8   0x00000008   Code   RO          226    .text               c_w.l(libspace.o)
    0x080002e0   0x080002e0   0x0000000c   Code   RO          287    .text               c_w.l(sys_exit.o)
    0x080002ec   0x080002ec   0x00000002   Code   RO          302    .text               c_w.l(use_no_semi.o)
    0x080002ee   0x080002ee   0x00000000   Code   RO          304    .text               c_w.l(indicate_semi.o)
    0x080002ee   0x080002ee   0x00000002   PAD
    0x080002f0   0x080002f0   0x00000026   Code   RO          138    .text.ADC_IRQHandler  analog.o
    0x08000316   0x08000316   0x00000002   PAD
    0x08000318   0x08000318   0x0000005a   Code   RO           10    .text.SysTick_Init  delay.o
    0x08000372   0x08000372   0x00000002   PAD
    0x08000374   0x08000374   0x0000012e   Code   RO          162    .text.SystemCoreClockUpdate  system_stm32f4xx.o
    0x080004a2   0x080004a2   0x00000002   PAD
    0x080004a4   0x080004a4   0x00000012   Code   RO          160    .text.SystemInit    system_stm32f4xx.o
    0x080004b6   0x080004b6   0x00000002   PAD
    0x080004b8   0x080004b8   0x000001d0   Code   RO          113    .text.TIM1_UP_TIM10_IRQHandler  pwm.o
    0x08000688   0x08000688   0x00000156   Code   RO            2    .text.clock_init    clock.o
    0x080007de   0x080007de   0x00000002   PAD
    0x080007e0   0x080007e0   0x00000036   Code   RO           64    .text.clock_signal  display.o
    0x08000816   0x08000816   0x00000002   PAD
    0x08000818   0x08000818   0x00000036   Code   RO           62    .text.data_signal   display.o
    0x0800084e   0x0800084e   0x00000002   PAD
    0x08000850   0x08000850   0x00000022   Code   RO           14    .text.delay_ms      delay.o
    0x08000872   0x08000872   0x00000002   PAD
    0x08000874   0x08000874   0x00000046   Code   RO           12    .text.delay_us      delay.o
    0x080008ba   0x080008ba   0x00000002   PAD
    0x080008bc   0x080008bc   0x00000036   Code   RO           60    .text.display_clear  display.o
    0x080008f2   0x080008f2   0x00000002   PAD
    0x080008f4   0x080008f4   0x00000062   Code   RO           40    .text.display_gpio_init  display.o
    0x08000956   0x08000956   0x00000002   PAD
    0x08000958   0x08000958   0x00000028   Code   RO           38    .text.display_init  display.o
    0x08000980   0x08000980   0x00000090   Code   RO           50    .text.display_print_char  display.o
    0x08000a10   0x08000a10   0x00000038   Code   RO           52    .text.display_print_string  display.o
    0x08000a48   0x08000a48   0x000000ca   Code   RO           48    .text.display_print_value_integer_decimal  display.o
    0x08000b12   0x08000b12   0x00000002   PAD
    0x08000b14   0x08000b14   0x0000003c   Code   RO           24    .text.display_send_raw_command  display.o
    0x08000b50   0x08000b50   0x00000086   Code   RO           36    .text.display_send_raw_command_data  display.o
    0x08000bd6   0x08000bd6   0x00000002   PAD
    0x08000bd8   0x08000bd8   0x00000014   Code   RO           58    .text.display_update  display.o
    0x08000bec   0x08000bec   0x00000034   Code   RO           44    .text.get_symbol    display.o
    0x08000c20   0x08000c20   0x00000042   Code   RO           30    .text.is_ack        display.o
    0x08000c62   0x08000c62   0x00000002   PAD
    0x08000c64   0x08000c64   0x00000078   Code   RO           77    .text.keyboard_get_buttons  keyboard.o
    0x08000cdc   0x08000cdc   0x00000052   Code   RO           75    .text.keyboard_gpio_init  keyboard.o
    0x08000d2e   0x08000d2e   0x00000002   PAD
    0x08000d30   0x08000d30   0x0000004a   Code   RO           79    .text.keyboard_handler  keyboard.o
    0x08000d7a   0x08000d7a   0x00000002   PAD
    0x08000d7c   0x08000d7c   0x000000e6   Code   RO           88    .text.main          main.o
    0x08000e62   0x08000e62   0x00000002   PAD
    0x08000e64   0x08000e64   0x00000016   Code   RO           32    .text.reset_state   display.o
    0x08000e7a   0x08000e7a   0x00000002   PAD
    0x08000e7c   0x08000e7c   0x00000060   Code   RO           28    .text.send_byte     display.o
    0x08000edc   0x08000edc   0x00000010   Code   RO           26    .text.send_start    display.o
    0x08000eec   0x08000eec   0x00000032   Code   RO           34    .text.send_stop     display.o
    0x08000f1e   0x08000f1e   0x00000002   PAD
    0x08000f20   0x08000f20   0x000002b4   Code   RO          180    x$fpl$ddiv          fz_wm.l(ddiv.o)
    0x080011d4   0x080011d4   0x0000005a   Code   RO          183    x$fpl$dfixu         fz_wm.l(dfixu.o)
    0x0800122e   0x0800122e   0x0000002e   Code   RO          188    x$fpl$dflt          fz_wm.l(dflt_clz.o)
    0x0800125c   0x0800125c   0x00000154   Code   RO          193    x$fpl$dmul          fz_wm.l(dmul.o)
    0x080013b0   0x080013b0   0x0000009c   Code   RO          196    x$fpl$dnaninf       fz_wm.l(dnaninf.o)
    0x0800144c   0x0800144c   0x0000000c   Code   RO          198    x$fpl$dretinf       fz_wm.l(dretinf.o)
    0x08001458   0x08001458   0x0000001a   Code   RO          285    x$fpl$fpinit        fz_wm.l(fpinit.o)
    0x08001472   0x08001472   0x00000000   Code   RO          200    x$fpl$usenofp       fz_wm.l(usenofp.o)
    0x08001472   0x08001472   0x00000010   Data   RO          165    .rodata.AHBPrescTable  system_stm32f4xx.o
    0x08001482   0x08001482   0x000002d0   Data   RO          125    .rodata.sinewave_array  pwm.o
    0x08001752   0x08001752   0x00000005   Data   RO           92    .rodata.str1.1      main.o
    0x08001757   0x08001757   0x00000025   Data   RO           66    .rodata.symbols_table  display.o
    0x0800177c   0x0800177c   0x00000020   Data   RO          360    Region$$Table       anon$$obj.o


    Execution Region ER_RW (Exec base: 0x20000000, Load base: 0x0800179c, Size: 0x00000004, Max: 0xffffffff, ABSOLUTE)

    Exec Addr    Load Addr    Size         Type   Attr      Idx    E Section Name        Object

    0x20000000   0x0800179c   0x00000004   Data   RW          164    .data.SystemCoreClock  system_stm32f4xx.o


    Execution Region ER_ZI (Exec base: 0x20000008, Load base: 0x080017a0, Size: 0x00000678, Max: 0xffffffff, ABSOLUTE)

    Exec Addr    Load Addr    Size         Type   Attr      Idx    E Section Name        Object

    0x20000008        -       0x00000060   Zero   RW          227    .bss                c_w.l(libspace.o)
    0x20000068        -       0x00000004   Zero   RW           16    .bss.CLK_PERIOD     delay.o
    0x2000006c        -       0x00000002   Zero   RW          126    .bss.adc_value      pwm.o
    0x2000006e        -       0x00000004   Zero   RW           67    .bss.display_data   display.o
    0x20000072        -       0x00000002   Zero   RW           91    .bss.keyboard_buttons  main.o
    0x20000074        -       0x00000002   Zero   RW           90    .bss.old_keyboard_buttons  main.o
    0x20000076        -       0x00000002   Zero   RW          128    .bss.phase_a        pwm.o
    0x20000078        -       0x00000002   Zero   RW          127    .bss.phase_accumulator  pwm.o
    0x2000007a        -       0x00000002   Zero   RW          129    .bss.phase_b        pwm.o
    0x2000007c        -       0x00000002   Zero   RW          130    .bss.phase_c        pwm.o
    0x2000007e   0x080017a0   0x00000002   PAD
    0x20000080        -       0x00000200   Zero   RW          151    HEAP                startup_stm32f401xc.o
    0x20000280        -       0x00000400   Zero   RW          150    STACK               startup_stm32f401xc.o


==============================================================================

Image component sizes


      Code (inc. data)   RO Data    RW Data    ZI Data      Debug   Object Name

        38          0          0          0          0       4235   analog.o
       342          0          0          0          0       1812   clock.o
       194          0          0          0          4       1158   delay.o
      1218          0         37          0          4       5663   display.o
       276          0          0          0          0       2292   keyboard.o
       230          0          5          0          4       1938   main.o
       464          8        720          0         10       4937   pwm.o
        64         26        404          0       1536        900   startup_stm32f401xc.o
       320          0         16          4          0       2714   system_stm32f4xx.o

    ----------------------------------------------------------------------
      3184         34       1214          4       1560      25649   Object Totals
         0          0         32          0          0          0   (incl. Generated)
        38          0          0          0          2          0   (incl. Padding)

    ----------------------------------------------------------------------

      Code (inc. data)   RO Data    RW Data    ZI Data      Debug   Library Member Name

         8          0          0          0          0         68   __main.o
         0          0          0          0          0          0   __rtentry.o
        12          0          0          0          0          0   __rtentry2.o
         6          0          0          0          0          0   __rtentry4.o
        52          8          0          0          0          0   __scatter.o
        26          0          0          0          0          0   __scatter_copy.o
        28          0          0          0          0          0   __scatter_zi.o
        18          0          0          0          0         80   exit.o
         6          0          0          0          0        152   heapauxi.o
         0          0          0          0          0          0   indicate_semi.o
         2          0          0          0          0          0   libinit.o
         6          0          0          0          0          0   libinit2.o
         2          0          0          0          0          0   libshutdown.o
         2          0          0          0          0          0   libshutdown2.o
         8          4          0          0         96         68   libspace.o
         2          0          0          0          0          0   rtexit.o
        10          0          0          0          0          0   rtexit2.o
        12          4          0          0          0         68   sys_exit.o
        74          0          0          0          0         80   sys_stackheap_outer.o
         2          0          0          0          0         68   use_no_semi.o
       692        140          0          0          0        264   ddiv.o
        90          4          0          0          0        140   dfixu.o
        46          0          0          0          0        116   dflt_clz.o
       340         12          0          0          0        152   dmul.o
       156          4          0          0          0        140   dnaninf.o
        12          0          0          0          0        116   dretinf.o
        26          0          0          0          0        116   fpinit.o
         0          0          0          0          0          0   usenofp.o

    ----------------------------------------------------------------------
      1646        176          0          0         96       1628   Library Totals
         8          0          0          0          0          0   (incl. Padding)

    ----------------------------------------------------------------------

      Code (inc. data)   RO Data    RW Data    ZI Data      Debug   Library Name

       276         16          0          0         96        584   c_w.l
      1362        160          0          0          0       1044   fz_wm.l

    ----------------------------------------------------------------------
      1646        176          0          0         96       1628   Library Totals

    ----------------------------------------------------------------------

==============================================================================


      Code (inc. data)   RO Data    RW Data    ZI Data      Debug   

      4830        210       1214          4       1656      26381   Grand Totals
      4830        210       1214          4       1656      26381   ELF Image Totals
      4830        210       1214          4          0          0   ROM Totals

==============================================================================

    Total RO  Size (Code + RO Data)                 6044 (   5.90kB)
    Total RW  Size (RW Data + ZI Data)              1660 (   1.62kB)
    Total ROM Size (Code + RO Data + RW Data)       6048 (   5.91kB)

==============================================================================

